   Compiling proc-macro2 v1.0.106
   Compiling quote v1.0.45
   Compiling unicode-ident v1.0.24
   Compiling cfg-if v1.0.4
   Compiling version_check v0.9.5
   Compiling windows-link v0.2.1
   Compiling serde_core v1.0.228
   Compiling find-msvc-tools v0.1.9
   Compiling typenum v1.19.0
   Compiling shlex v1.3.0
   Compiling zerocopy v0.8.48
   Compiling memchr v2.8.0
   Compiling windows-sys v0.61.2
   Compiling generic-array v0.14.7
   Compiling cc v1.2.60
   Compiling syn v2.0.117
   Compiling subtle v2.6.1
   Compiling serde v1.0.228
   Compiling getrandom v0.2.17
   Compiling cpufeatures v0.3.0
   Compiling zmij v1.0.21
   Compiling cpufeatures v0.2.17
   Compiling rustc-demangle v0.1.27
   Compiling unicode-width v0.2.2
   Compiling crypto-common v0.1.7
   Compiling block-buffer v0.10.4
   Compiling blake3 v1.8.4
   Compiling constant_time_eq v0.4.2
   Compiling digest v0.10.7
   Compiling thiserror v2.0.18
   Compiling arrayvec v0.7.6
   Compiling owo-colors v4.3.0
   Compiling arrayref v0.3.9
   Compiling backtrace v0.3.76
   Compiling rand_core v0.6.4
   Compiling ahash v0.8.12
   Compiling serde_json v1.0.149
   Compiling unicode-linebreak v0.1.5
   Compiling is_ci v1.2.0
   Compiling supports-color v3.0.2
   Compiling textwrap v0.16.2
   Compiling backtrace-ext v0.2.1
   Compiling terminal_size v0.4.4
   Compiling aho-corasick v1.1.4
   Compiling once_cell v1.21.4
   Compiling regex-syntax v0.8.10
   Compiling windows_x86_64_msvc v0.52.6
   Compiling unicode-width v0.1.14
   Compiling itoa v1.0.18
   Compiling supports-hyperlinks v3.2.0
   Compiling supports-unicode v3.0.0
   Compiling sha2 v0.10.9
   Compiling autocfg v1.5.0
   Compiling ppv-lite86 v0.2.21
   Compiling unicode-segmentation v1.13.3
   Compiling smallvec v1.15.1
   Compiling winapi v0.3.9
   Compiling rand_chacha v0.3.1
   Compiling parking_lot_core v0.9.12
   Compiling semver v1.0.28
   Compiling regex-automata v0.4.14
   Compiling rustc_version v0.4.1
   Compiling rand v0.8.6
   Compiling serde_derive v1.0.228
   Compiling thiserror-impl v2.0.18
   Compiling miette-derive v7.6.0
   Compiling convert_case v0.10.0
   Compiling hashbrown v0.14.5
   Compiling num-traits v0.2.19
   Compiling hmac v0.12.1
   Compiling sha1 v0.10.6
   Compiling scopeguard v1.2.0
   Compiling pkg-config v0.3.33
   Compiling vcpkg v0.2.15
   Compiling lock_api v0.4.14
   Compiling miette v7.6.0
   Compiling windows-targets v0.52.6
   Compiling derive_more-impl v2.1.1
   Compiling regex v1.12.3
   Compiling curve25519-dalek v4.1.3
   Compiling garnet-parser v0.3.0 (C:\gw4-20260924-1247\garnet-parser-v0.3)
   Compiling libsqlite3-sys v0.30.1
   Compiling garnet-stdlib v0.4.0 (C:\gw4-20260924-1247\garnet-stdlib)
   Compiling bitflags v2.11.1
   Compiling hashbrown v0.17.0
   Compiling equivalent v1.0.2
   Compiling litrs v1.0.0
   Compiling ref-cast v1.0.25
   Compiling heck v0.5.0
   Compiling document-features v0.2.12
   Compiling strum_macros v0.27.2
   Compiling indexmap v2.14.0
   Compiling crossterm_winapi v0.9.1
   Compiling toml_datetime v0.6.11
   Compiling serde_spanned v0.6.9
   Compiling derive_more v2.1.1
   Compiling parking_lot v0.12.5
   Compiling windows-sys v0.59.0
   Compiling ref-cast-impl v1.0.25
   Compiling garnet-prim-macros v0.1.0 (C:\gw4-20260924-1247\garnet-prim-macros)
   Compiling curve25519-dalek-derive v0.1.1
   Compiling garnet-memory v0.3.0 (C:\gw4-20260924-1247\garnet-memory-v0.3)
   Compiling vte v0.14.1
   Compiling signature v2.2.0
   Compiling text-size v1.1.1
   Compiling zeroize v1.8.2
   Compiling countme v3.0.1
   Compiling either v1.15.0
   Compiling toml_write v0.1.2
   Compiling rustc-hash v1.1.0
   Compiling winnow v0.7.15
   Compiling itertools v0.13.0
   Compiling garnet-interp v0.3.0 (C:\gw4-20260924-1247\garnet-interp-v0.3)
   Compiling rowan v0.16.1
   Compiling strum v0.27.2
   Compiling fd-lock v4.0.4
   Compiling ed25519 v2.2.3
   Compiling strip-ansi-escapes v0.2.1
   Compiling chrono v0.4.45
   Compiling crossterm v0.29.0
   Compiling garnet-check v0.3.0 (C:\gw4-20260924-1247\garnet-check-v0.3)
   Compiling hashlink v0.9.1
   Compiling nu-ansi-term v0.50.3
   Compiling toml_edit v0.22.27
   Compiling winapi-util v0.1.11
   Compiling borrow-or-share v0.2.4
   Compiling unicase v2.9.0
   Compiling fallible-streaming-iterator v0.1.9
   Compiling fallible-iterator v0.3.0
   Compiling same-file v1.0.6
   Compiling fluent-uri v0.4.1
   Compiling ed25519-dalek v2.2.0
   Compiling reedline v0.48.0
   Compiling rusqlite v0.32.1
   Compiling garnet-cst v0.1.0 (C:\gw4-20260924-1247\garnet-cst)
   Compiling garnet-vm v0.5.0 (C:\gw4-20260924-1247\garnet-vm)
   Compiling garnet-registry-stub v0.5.0 (C:\gw4-20260924-1247\garnet-registry-stub)
   Compiling toml v0.8.23
   Compiling garnet-convert v0.4.0 (C:\gw4-20260924-1247\garnet-convert)
   Compiling garnet-cli v0.8.2 (C:\gw4-20260924-1247\garnet-cli)
    Finished `dev` profile [unoptimized + debuginfo] target(s) in 32.97s

Evidence: proofs\windows\domains\windows-domain-matrix-20260924-1247
