manifest_check=OK
76f2eb4ed763e09185a143d0faf8f9b974593e7a30189a144dc131bb91a4a115  ./MANIFEST.sha256
e3b0c44298fc1c149afbf4c8996fb92427ae41e4649b934ca495991b7852b855  ./commands/agent_toolbelt_01_triage_router-check-stderr.txt
7185f73788997c090d9a346364cddeb48f52e59ad233f66302c2330e746a79a9  ./commands/agent_toolbelt_01_triage_router-check-stdout.txt
e3b0c44298fc1c149afbf4c8996fb92427ae41e4649b934ca495991b7852b855  ./commands/agent_toolbelt_01_triage_router-parse-stderr.txt
0ee9e9d5b88eac8cb8fb98b787fd4dd20baa6d7b2408e02ff4288261a12e6a09  ./commands/agent_toolbelt_01_triage_router-parse-stdout.txt
e3b0c44298fc1c149afbf4c8996fb92427ae41e4649b934ca495991b7852b855  ./commands/agent_toolbelt_01_triage_router-run-stderr.txt
7d4cd4224180863993db1826e708a3d01659d2c6f85815c1a71430ba0c4ecd05  ./commands/agent_toolbelt_01_triage_router-run-stdout.txt
e3b0c44298fc1c149afbf4c8996fb92427ae41e4649b934ca495991b7852b855  ./commands/agent_toolbelt_02_capability_budget-check-stderr.txt
da094ec30be59d4a8599037d81f54e68e01a1ef3fc6b2a0f21add466db122323  ./commands/agent_toolbelt_02_capability_budget-check-stdout.txt
e3b0c44298fc1c149afbf4c8996fb92427ae41e4649b934ca495991b7852b855  ./commands/agent_toolbelt_02_capability_budget-parse-stderr.txt
11011190c4c918c01f360baa2aab74465287ca5746110486716f879816e048bf  ./commands/agent_toolbelt_02_capability_budget-parse-stdout.txt
e3b0c44298fc1c149afbf4c8996fb92427ae41e4649b934ca495991b7852b855  ./commands/agent_toolbelt_02_capability_budget-run-stderr.txt
0745c052a06a7f2d11306b2227ff622f37016b76167531dcd5e73d1817cbc67e  ./commands/agent_toolbelt_02_capability_budget-run-stdout.txt
e3b0c44298fc1c149afbf4c8996fb92427ae41e4649b934ca495991b7852b855  ./commands/agent_toolbelt_03_memory_recall-check-stderr.txt
0ce8b5f6aa2647976995ac10d56d724628bf9019affb4f826d24826b82257fbd  ./commands/agent_toolbelt_03_memory_recall-check-stdout.txt
e3b0c44298fc1c149afbf4c8996fb92427ae41e4649b934ca495991b7852b855  ./commands/agent_toolbelt_03_memory_recall-parse-stderr.txt
4966c88466a997d8dc8f74306c88cb8198a87a75c13b66d8e9f5e2f8f736faee  ./commands/agent_toolbelt_03_memory_recall-parse-stdout.txt
e3b0c44298fc1c149afbf4c8996fb92427ae41e4649b934ca495991b7852b855  ./commands/agent_toolbelt_03_memory_recall-run-stderr.txt
7964318c5ee01c8a1adbcd6cf4f2b3204d22d0dcfc8471681075f2fd51c28342  ./commands/agent_toolbelt_03_memory_recall-run-stdout.txt
e3b0c44298fc1c149afbf4c8996fb92427ae41e4649b934ca495991b7852b855  ./commands/agent_toolbelt_04_release_gate-check-stderr.txt
7185f73788997c090d9a346364cddeb48f52e59ad233f66302c2330e746a79a9  ./commands/agent_toolbelt_04_release_gate-check-stdout.txt
e3b0c44298fc1c149afbf4c8996fb92427ae41e4649b934ca495991b7852b855  ./commands/agent_toolbelt_04_release_gate-parse-stderr.txt
7a4e656ec3bad130792fa11cb65c16581e1376f74fe967a590600c26032bc679  ./commands/agent_toolbelt_04_release_gate-parse-stdout.txt
e3b0c44298fc1c149afbf4c8996fb92427ae41e4649b934ca495991b7852b855  ./commands/agent_toolbelt_04_release_gate-run-stderr.txt
7cb83f8f0700dc1c2dc9bced9df9223740db1f287ed53cf684ce574e141240b9  ./commands/agent_toolbelt_04_release_gate-run-stdout.txt
e3b0c44298fc1c149afbf4c8996fb92427ae41e4649b934ca495991b7852b855  ./commands/agent_toolbelt_05_repair_planner-check-stderr.txt
da094ec30be59d4a8599037d81f54e68e01a1ef3fc6b2a0f21add466db122323  ./commands/agent_toolbelt_05_repair_planner-check-stdout.txt
e3b0c44298fc1c149afbf4c8996fb92427ae41e4649b934ca495991b7852b855  ./commands/agent_toolbelt_05_repair_planner-parse-stderr.txt
2d13e94ce3cc53c9cbe0e23896717e512eb3c8cc98140e82c8f9cc28d12b8ac0  ./commands/agent_toolbelt_05_repair_planner-parse-stdout.txt
e3b0c44298fc1c149afbf4c8996fb92427ae41e4649b934ca495991b7852b855  ./commands/agent_toolbelt_05_repair_planner-run-stderr.txt
6febddea7ead3b55323b54502275b0bd81657b879c364a3baa83aeb08773ba8d  ./commands/agent_toolbelt_05_repair_planner-run-stdout.txt
e3b0c44298fc1c149afbf4c8996fb92427ae41e4649b934ca495991b7852b855  ./commands/agentic_log_analyzer-check-stderr.txt
70a4931bc716039700554cff1677f5b60b9faa71000d5b82eda5c2afd0ee02d4  ./commands/agentic_log_analyzer-check-stdout.txt
e3b0c44298fc1c149afbf4c8996fb92427ae41e4649b934ca495991b7852b855  ./commands/agentic_log_analyzer-parse-stderr.txt
863a179ff42ba508aa7f02b5c0d3855f2402fbf2f943ba0ce52cc6103c639103  ./commands/agentic_log_analyzer-parse-stdout.txt
e3b0c44298fc1c149afbf4c8996fb92427ae41e4649b934ca495991b7852b855  ./commands/agentic_log_analyzer-run-stderr.txt
824e60f0796aff075bd427b2917e287a0a53656d7b6ee2a16a6a40311b98768c  ./commands/agentic_log_analyzer-run-stdout.txt
e3b0c44298fc1c149afbf4c8996fb92427ae41e4649b934ca495991b7852b855  ./commands/multi_agent_builder-check-stderr.txt
8f5baa559cfcbafc3901144a22a5dcd876f8124928ab3bab635786131b135f7f  ./commands/multi_agent_builder-check-stdout.txt
e3b0c44298fc1c149afbf4c8996fb92427ae41e4649b934ca495991b7852b855  ./commands/multi_agent_builder-parse-stderr.txt
93e0f2b4d9eab76ff204f4c1b18bd2a7e817e75969f87a3651b6e4281af3b30b  ./commands/multi_agent_builder-parse-stdout.txt
e3b0c44298fc1c149afbf4c8996fb92427ae41e4649b934ca495991b7852b855  ./commands/multi_agent_builder-run-stderr.txt
17e933028fb917946494f375e06bc13917c003adeb86bc22b8ffa4d473b32c0a  ./commands/multi_agent_builder-run-stdout.txt
e3b0c44298fc1c149afbf4c8996fb92427ae41e4649b934ca495991b7852b855  ./commands/mvp_01_os_simulator-check-stderr.txt
384be905ce2da98c3abc90258d7e896e17bdf7b557c8a930f257961c84967303  ./commands/mvp_01_os_simulator-check-stdout.txt
e3b0c44298fc1c149afbf4c8996fb92427ae41e4649b934ca495991b7852b855  ./commands/mvp_01_os_simulator-parse-stderr.txt
73d995c814803bbf2809b0f9f99238aa67e3bbda44bbc5be177fa6cddc81fabb  ./commands/mvp_01_os_simulator-parse-stdout.txt
e3b0c44298fc1c149afbf4c8996fb92427ae41e4649b934ca495991b7852b855  ./commands/mvp_01_os_simulator-run-stderr.txt
0246f41bf0e9421b3d859bb3edd76dc25eaa8393fcf43131267740aa10c3b234  ./commands/mvp_01_os_simulator-run-stdout.txt
e3b0c44298fc1c149afbf4c8996fb92427ae41e4649b934ca495991b7852b855  ./commands/mvp_02_relational_db-check-stderr.txt
7cb259b7a8e3938a499db1a6814e5e180ccdb4fc41ce41ab0abc3809f26d55f9  ./commands/mvp_02_relational_db-check-stdout.txt
e3b0c44298fc1c149afbf4c8996fb92427ae41e4649b934ca495991b7852b855  ./commands/mvp_02_relational_db-parse-stderr.txt
2babf790eb047ba389f52f495620afa52751e0683fa0185545c2f52e8639a4b1  ./commands/mvp_02_relational_db-parse-stdout.txt
e3b0c44298fc1c149afbf4c8996fb92427ae41e4649b934ca495991b7852b855  ./commands/mvp_02_relational_db-run-stderr.txt
6995891fbcf95a545a96d0655d5e589cd2f8ac3f3fdd3ff0eec416d585999b06  ./commands/mvp_02_relational_db-run-stdout.txt
e3b0c44298fc1c149afbf4c8996fb92427ae41e4649b934ca495991b7852b855  ./commands/mvp_03_compiler_bootstrap-check-stderr.txt
0ce8b5f6aa2647976995ac10d56d724628bf9019affb4f826d24826b82257fbd  ./commands/mvp_03_compiler_bootstrap-check-stdout.txt
e3b0c44298fc1c149afbf4c8996fb92427ae41e4649b934ca495991b7852b855  ./commands/mvp_03_compiler_bootstrap-parse-stderr.txt
a13eff1a01b3c8df14d0329efd028169e256072aa3e48ade84b2d5ffc92d9924  ./commands/mvp_03_compiler_bootstrap-parse-stdout.txt
e3b0c44298fc1c149afbf4c8996fb92427ae41e4649b934ca495991b7852b855  ./commands/mvp_03_compiler_bootstrap-run-stderr.txt
cd40fd4319381187b71c8da2cac7fc5f0c871a955e62eda2f5d5b2ede18422d0  ./commands/mvp_03_compiler_bootstrap-run-stdout.txt
e3b0c44298fc1c149afbf4c8996fb92427ae41e4649b934ca495991b7852b855  ./commands/mvp_04_numerical_solver-check-stderr.txt
7cb259b7a8e3938a499db1a6814e5e180ccdb4fc41ce41ab0abc3809f26d55f9  ./commands/mvp_04_numerical_solver-check-stdout.txt
e3b0c44298fc1c149afbf4c8996fb92427ae41e4649b934ca495991b7852b855  ./commands/mvp_04_numerical_solver-parse-stderr.txt
85269d5c11b43f222b7a9e2e63bba6d3c5e63c540b44661d17a94357bf727421  ./commands/mvp_04_numerical_solver-parse-stdout.txt
e3b0c44298fc1c149afbf4c8996fb92427ae41e4649b934ca495991b7852b855  ./commands/mvp_04_numerical_solver-run-stderr.txt
d95d247853ec38a291f7c8c6d2a0c888ba6b4d50de2cc73ec07de2841b4182dd  ./commands/mvp_04_numerical_solver-run-stdout.txt
e3b0c44298fc1c149afbf4c8996fb92427ae41e4649b934ca495991b7852b855  ./commands/mvp_05_web_app-check-stderr.txt
7185f73788997c090d9a346364cddeb48f52e59ad233f66302c2330e746a79a9  ./commands/mvp_05_web_app-check-stdout.txt
e3b0c44298fc1c149afbf4c8996fb92427ae41e4649b934ca495991b7852b855  ./commands/mvp_05_web_app-parse-stderr.txt
83115345ea8d6d3357e530627d37049ac5af90e6daa3ae767c6b12f00d700bcb  ./commands/mvp_05_web_app-parse-stdout.txt
e3b0c44298fc1c149afbf4c8996fb92427ae41e4649b934ca495991b7852b855  ./commands/mvp_05_web_app-run-stderr.txt
591646f3aac6e51841bafd0bb36bc30350c3b0df84391a54955a894bd6882d0a  ./commands/mvp_05_web_app-run-stdout.txt
e3b0c44298fc1c149afbf4c8996fb92427ae41e4649b934ca495991b7852b855  ./commands/mvp_06_multi_agent-check-stderr.txt
0ce8b5f6aa2647976995ac10d56d724628bf9019affb4f826d24826b82257fbd  ./commands/mvp_06_multi_agent-check-stdout.txt
e3b0c44298fc1c149afbf4c8996fb92427ae41e4649b934ca495991b7852b855  ./commands/mvp_06_multi_agent-parse-stderr.txt
1fbdb489a50cbab48ffbbe06dd82183001ae3882948cf3b1850aca7ddbdd5f28  ./commands/mvp_06_multi_agent-parse-stdout.txt
e3b0c44298fc1c149afbf4c8996fb92427ae41e4649b934ca495991b7852b855  ./commands/mvp_06_multi_agent-run-stderr.txt
95c4fc27e0b4257d157c7c7f3e3e333d13b1199a3e1ccb7ba0d46c81709d806f  ./commands/mvp_06_multi_agent-run-stdout.txt
e3b0c44298fc1c149afbf4c8996fb92427ae41e4649b934ca495991b7852b855  ./commands/mvp_07_game_server-check-stderr.txt
7185f73788997c090d9a346364cddeb48f52e59ad233f66302c2330e746a79a9  ./commands/mvp_07_game_server-check-stdout.txt
e3b0c44298fc1c149afbf4c8996fb92427ae41e4649b934ca495991b7852b855  ./commands/mvp_07_game_server-parse-stderr.txt
0c9beaa930641b4debb46ea30a7c6658879952805e2d941bd2dbead76341c9d4  ./commands/mvp_07_game_server-parse-stdout.txt
e3b0c44298fc1c149afbf4c8996fb92427ae41e4649b934ca495991b7852b855  ./commands/mvp_07_game_server-run-stderr.txt
7e1306002649f7202672d0300b7569e4fd1d70eae353138bb501f196467c37df  ./commands/mvp_07_game_server-run-stdout.txt
e3b0c44298fc1c149afbf4c8996fb92427ae41e4649b934ca495991b7852b855  ./commands/mvp_08_distributed_kv-check-stderr.txt
30049fdbd8538d5f830f3f4ed1cd2f509dc54cea540426aaf2d0afe1bf99f187  ./commands/mvp_08_distributed_kv-check-stdout.txt
e3b0c44298fc1c149afbf4c8996fb92427ae41e4649b934ca495991b7852b855  ./commands/mvp_08_distributed_kv-parse-stderr.txt
2a735fd2738fe312dda1c22dda385fb46007cdcd518a9321a2f670e889ca226a  ./commands/mvp_08_distributed_kv-parse-stdout.txt
e3b0c44298fc1c149afbf4c8996fb92427ae41e4649b934ca495991b7852b855  ./commands/mvp_08_distributed_kv-run-stderr.txt
785256d565c87d11b95872fc909481a5bb2a975d0e147d0ff110a57c950f1870  ./commands/mvp_08_distributed_kv-run-stdout.txt
e3b0c44298fc1c149afbf4c8996fb92427ae41e4649b934ca495991b7852b855  ./commands/mvp_09_graph_db-check-stderr.txt
384be905ce2da98c3abc90258d7e896e17bdf7b557c8a930f257961c84967303  ./commands/mvp_09_graph_db-check-stdout.txt
e3b0c44298fc1c149afbf4c8996fb92427ae41e4649b934ca495991b7852b855  ./commands/mvp_09_graph_db-parse-stderr.txt
f2e130fc712995bdeed4c916f8f211adb2a69c4240d5b7056c5c8faf2fdccb43  ./commands/mvp_09_graph_db-parse-stdout.txt
e3b0c44298fc1c149afbf4c8996fb92427ae41e4649b934ca495991b7852b855  ./commands/mvp_09_graph_db-run-stderr.txt
34d896e9d82055d4b433ce95e931e0aeef9a9d12d8f57ecd4695a580cffac7c0  ./commands/mvp_09_graph_db-run-stdout.txt
e3b0c44298fc1c149afbf4c8996fb92427ae41e4649b934ca495991b7852b855  ./commands/mvp_10_terminal_ui-check-stderr.txt
7185f73788997c090d9a346364cddeb48f52e59ad233f66302c2330e746a79a9  ./commands/mvp_10_terminal_ui-check-stdout.txt
e3b0c44298fc1c149afbf4c8996fb92427ae41e4649b934ca495991b7852b855  ./commands/mvp_10_terminal_ui-parse-stderr.txt
e301f75268e5f7e4ec8c84691f63523637e54b73346ee3019a428cb2181dc163  ./commands/mvp_10_terminal_ui-parse-stdout.txt
e3b0c44298fc1c149afbf4c8996fb92427ae41e4649b934ca495991b7852b855  ./commands/mvp_10_terminal_ui-run-stderr.txt
50329c69ce0ee73b8ae95dc880ebaf58b711c81ee825e3205098c237a2430c4a  ./commands/mvp_10_terminal_ui-run-stdout.txt
e3b0c44298fc1c149afbf4c8996fb92427ae41e4649b934ca495991b7852b855  ./commands/mvp_11_signed_hotreload-check-stderr.txt
3ecd73cf96994b24d80fdf68b3f0cfe5cfea7277ade9ffbb7daf021303ea5677  ./commands/mvp_11_signed_hotreload-check-stdout.txt
e3b0c44298fc1c149afbf4c8996fb92427ae41e4649b934ca495991b7852b855  ./commands/mvp_11_signed_hotreload-parse-stderr.txt
23c2415b0f5927605e40fb85c9b60c6906310ba60a830d933e3bca70d0995030  ./commands/mvp_11_signed_hotreload-parse-stdout.txt
e3b0c44298fc1c149afbf4c8996fb92427ae41e4649b934ca495991b7852b855  ./commands/mvp_11_signed_hotreload-run-stderr.txt
ea431104491feafb8628f82559e244242a5069463a77dcbf4ed2ae4e43e9a4b1  ./commands/mvp_11_signed_hotreload-run-stdout.txt
b9d50c71416fdd732da16fe22baff5b1eca8113d469e4c710b86e43390e43a23  ./commands/mvp_11_signed_hotreload_mismatch-check-stderr.txt
3ecd73cf96994b24d80fdf68b3f0cfe5cfea7277ade9ffbb7daf021303ea5677  ./commands/mvp_11_signed_hotreload_mismatch-check-stdout.txt
b9d50c71416fdd732da16fe22baff5b1eca8113d469e4c710b86e43390e43a23  ./commands/mvp_11_signed_hotreload_mismatch-parse-stderr.txt
8956f98c549da63c7eac92ae69481ea096ee25daba92a8d8197c6bbd410f6028  ./commands/mvp_11_signed_hotreload_mismatch-parse-stdout.txt
f67c83a55d9008bdef7028fecb4de26333d8723497d42bc197d6760bbee4a513  ./commands/mvp_11_signed_hotreload_mismatch-run-stderr.txt
e3b0c44298fc1c149afbf4c8996fb92427ae41e4649b934ca495991b7852b855  ./commands/mvp_11_signed_hotreload_mismatch-run-stdout.txt
e3b0c44298fc1c149afbf4c8996fb92427ae41e4649b934ca495991b7852b855  ./commands/safe_io_layer-check-stderr.txt
64abdccb4bae587bd11b659ca55516f604c6caa514e367f7d4e92b28599abf71  ./commands/safe_io_layer-check-stdout.txt
e3b0c44298fc1c149afbf4c8996fb92427ae41e4649b934ca495991b7852b855  ./commands/safe_io_layer-parse-stderr.txt
9de120b4b946d1c964d213e60e3621c9bc74d2b27bd15fc02778714a11059961  ./commands/safe_io_layer-parse-stdout.txt
e3b0c44298fc1c149afbf4c8996fb92427ae41e4649b934ca495991b7852b855  ./commands/safe_io_layer-run-stderr.txt
ca0fc60682acc808336a29ca00af0e2c6dc4d31f82491d43beedcdbc14eadc9b  ./commands/safe_io_layer-run-stdout.txt
5502d974553f9b309a9d292d37ee1ca7907bb64c26f875a45682ea88b083a4ac  ./garnet-studio-domain-matrix.json
d191e3681032c6de0cbbd5dcf32e0b6fa320a9bfcd4e3d3a43b0778adbf76261  ./garnet-studio-domain-matrix.md
wsl_script_exit=0
